Microchip MPLAB XC8 Compiler V1.31 ()

Linker command line:

-W-3 --edf=C:\Program Files (x86)\Microchip\xc8\v1.31\dat\en_msgs.txt -cs \
  -h+dist/default/debug\Robot.debug.sym \
  --cmf=dist/default/debug\Robot.debug.cmf -z -w9 -Q18F4525 \
  -Mdist/default/debug/Robot.debug.map -E1 -ver=XC8 -ACODE=00h-0BD7Fh \
  -ACONST=00h-0BD7Fh -ASMALLCONST=01000h-010FFhx173,0BD00h-0BD7Fh \
  -AMEDIUMCONST=01000h-0BD7Fh -ACOMRAM=01h-07Fh \
  -AABS1=00h-0EF3h,0F00h-0F7Fh -ABIGRAM=01h-0EF3h,0F00h-0F7Fh \
  -ARAM=080h-0FFh,0100h-01FFhx13,0E00h-0EF3h,0F00h-0F7Fh -ABANK0=080h-0FFh \
  -ABANK1=0100h-01FFh -ABANK2=0200h-02FFh -ABANK3=0300h-03FFh \
  -ABANK4=0400h-04FFh -ABANK5=0500h-05FFh -ABANK6=0600h-06FFh \
  -ABANK7=0700h-07FFh -ABANK8=0800h-08FFh -ABANK9=0900h-09FFh \
  -ABANK10=0A00h-0AFFh -ABANK11=0B00h-0BFFh -ABANK12=0C00h-0CFFh \
  -ABANK13=0D00h-0DFFh -ABANK14=0E00h-0EF3h -ABANK15=0F00h-0F7Fh \
  -ASFR=0F80h-0FD3h,0FD5h-0FDAh,0FE0h-0FE2h,0FE8h-0FEAh,0FF0h-0FFCh \
  -preset_vec=00h,intcode,intcodelo,powerup,init,end_init -pramtop=01000h \
  -psmallconst=SMALLCONST -pmediumconst=MEDIUMCONST -pconst=CONST \
  -AFARRAM=00h-00h -ACONFIG=0300000h-030000Dh -pconfig=CONFIG \
  -AIDLOC=0200000h-0200007h -pidloc=IDLOC -AEEDATA=0F00000h-0F003FFh \
  -peeprom_data=EEDATA \
  -prdata=COMRAM,nvrram=COMRAM,nvbit=COMRAM,rbss=COMRAM,rbit=COMRAM \
  -pfarbss=FARRAM,fardata=FARRAM,nvFARRAM=FARRAM \
  -pintsave_regs=BIGRAM,bigbss=BIGRAM,bigdata=BIGRAM -pbss=RAM \
  -pidata=CODE,irdata=CODE,ibigdata=CODE,ifardata=CODE \
  C:\Users\Student\AppData\Local\Temp\s3t8.obj \
  dist/default/debug\Robot.debug.obj 

Object code version is 3.11

Machine type is 18F4525

Call graph: (short form)




                Name                               Link     Load   Length Selector   Space Scale
C:\Users\Student\AppData\Local\Temp\s3t8.obj
                end_init                             12       12        4        0       0
                reset_vec                             0        0        2        0       0
dist/default/debug\Robot.debug.obj
                intcode                               2        2       10        0       0
                smallconst                         1000     1000       80      800       0
                intcode_body                       1362     1362       82      840       0
                text47                             14CC     14CC       62      840       0
                text46                             1A36     1A36        6      840       0
                text45                             1A44     1A44        2      840       0
                text44                             172E     172E       34      840       0
                text43                             18D8     18D8       20      840       0
                text42                             1A02     1A02        C      840       0
                text41                             1A40     1A40        4      840       0
                text40                             1A0E     1A0E        A      840       0
                text39                             1984     1984       18      840       0
                text38                             1870     1870       26      840       0
                text37                             1154     1154       C4      840       0
                text36                             152E     152E       60      840       0
                text35                             19C4     19C4       14      840       0
                text34                             15CE     15CE       40      840       0
                text33                             1916     1916       1E      840       0
                text32                             1462     1462       6A      840       0
                text31                             1684     1684       3A      840       0
                text30                             164A     164A       3A      840       0
                text29                             196C     196C       18      840       0
                text28                             1A30     1A30        6      840       0
                text27                             1A2A     1A2A        6      840       0
                text26                             19F4     19F4        E      840       0
                text25                             1A24     1A24        6      840       0
                text24                             1A1E     1A1E        6      840       0
                text23                             1A18     1A18        6      840       0
                text22                             18B8     18B8       20      840       0
                text21                             1218     1218       B2      840       0
                text20                             1950     1950       1C      840       0
                text19                             18F8     18F8       1E      840       0
                text18                             1934     1934       1C      840       0
                text17                             19E6     19E6        E      840       0
                text16                             19B0     19B0       14      840       0
                text15                             199C     199C       14      840       0
                text14                             158E     158E       40      840       0
                text13                             1848     1848       28      840       0
                text12                             12CA     12CA       98      840       0
                text11                             1A3C     1A3C        4      840       0
                text10                             1080     1080       D4      840       0
                text9                              181A     181A       2E      840       0
                text8                              17EC     17EC       2E      840       0
                text7                              17BE     17BE       2E      840       0
                text6                              1790     1790       2E      840       0
                text5                              1762     1762       2E      840       0
                text4                              16F6     16F6       38      840       0
                text3                              1896     1896       22      840       0
                text2                              160E     160E       3C      840       0
                text1                              13E4     13E4       7E      840       0
                text0                              16BE     16BE       38      840       0
                cstackCOMRAM                          1        1       20        1       1
                bssCOMRAM                            21       21        4        1       1
                cinit                              19D8     19D8        E      840       0

TOTAL           Name                               Link     Load   Length     Space
        CLASS   CODE           
                end_init                             12       12        4         0
                intcode                               2        2       10         0
                reset_vec                             0        0        2         0
                intcode_body                       1362     1362       82         0
                text47                             14CC     14CC       62         0
                text46                             1A36     1A36        6         0
                text45                             1A44     1A44        2         0
                text44                             172E     172E       34         0
                text43                             18D8     18D8       20         0
                text42                             1A02     1A02        C         0
                text41                             1A40     1A40        4         0
                text40                             1A0E     1A0E        A         0
                text39                             1984     1984       18         0
                text38                             1870     1870       26         0
                text37                             1154     1154       C4         0
                text36                             152E     152E       60         0
                text35                             19C4     19C4       14         0
                text34                             15CE     15CE       40         0
                text33                             1916     1916       1E         0
                text32                             1462     1462       6A         0
                text31                             1684     1684       3A         0
                text30                             164A     164A       3A         0
                text29                             196C     196C       18         0
                text28                             1A30     1A30        6         0
                text27                             1A2A     1A2A        6         0
                text26                             19F4     19F4        E         0
                text25                             1A24     1A24        6         0
                text24                             1A1E     1A1E        6         0
                text23                             1A18     1A18        6         0
                text22                             18B8     18B8       20         0
                text21                             1218     1218       B2         0
                text20                             1950     1950       1C         0
                text19                             18F8     18F8       1E         0
                text18                             1934     1934       1C         0
                text17                             19E6     19E6        E         0
                text16                             19B0     19B0       14         0
                text15                             199C     199C       14         0
                text14                             158E     158E       40         0
                text13                             1848     1848       28         0
                text12                             12CA     12CA       98         0
                text11                             1A3C     1A3C        4         0
                text10                             1080     1080       D4         0
                text9                              181A     181A       2E         0
                text8                              17EC     17EC       2E         0
                text7                              17BE     17BE       2E         0
                text6                              1790     1790       2E         0
                text5                              1762     1762       2E         0
                text4                              16F6     16F6       38         0
                text3                              1896     1896       22         0
                text2                              160E     160E       3C         0
                text1                              13E4     13E4       7E         0
                text0                              16BE     16BE       38         0
                cinit                              19D8     19D8        E         0

        CLASS   CONST          

        CLASS   SMALLCONST     
                smallconst                         1000     1000       80         0

        CLASS   MEDIUMCONST    

        CLASS   COMRAM         
                cstackCOMRAM                          1        1       20         1
                bssCOMRAM                            21       21        4         1

        CLASS   ABS1           

        CLASS   BIGRAM         

        CLASS   RAM            

        CLASS   BANK0          

        CLASS   BANK1          

        CLASS   BANK2          

        CLASS   BANK3          

        CLASS   BANK4          

        CLASS   BANK5          

        CLASS   BANK6          

        CLASS   BANK7          

        CLASS   BANK8          

        CLASS   BANK9          

        CLASS   BANK10         

        CLASS   BANK11         

        CLASS   BANK12         

        CLASS   BANK13         

        CLASS   BANK14         

        CLASS   BANK15         

        CLASS   SFR            

        CLASS   FARRAM         

        CLASS   CONFIG         

        CLASS   IDLOC          

        CLASS   EEDATA         

        CLASS   STACK          



SEGMENTS        Name                           Load    Length   Top    Selector   Space  Class

                reset_vec                      000000  000016  000016         0       0  CODE    
                cstackCOMRAM                   000001  000024  000025         1       1  COMRAM  
                smallconst                     001000  000080  001080       800       0  SMALLCON
                text10                         001080  0009C6  001A46       840       0  CODE    


UNUSED ADDRESS RANGES

        Name                Unused          Largest block    Delta
        BANK0            0080-00FF             80
        BANK1            0100-01FF            100
        BANK10           0A00-0AFF            100
        BANK11           0B00-0BFF            100
        BANK12           0C00-0CFF            100
        BANK13           0D00-0DFF            100
        BANK14           0E00-0EF3             F4
        BANK15           0F00-0F7F             80
        BANK2            0200-02FF            100
        BANK3            0300-03FF            100
        BANK4            0400-04FF            100
        BANK5            0500-05FF            100
        BANK6            0600-06FF            100
        BANK7            0700-07FF            100
        BANK8            0800-08FF            100
        BANK9            0900-09FF            100
        BIGRAM           0025-0EF3            ECF
                         0F00-0F7F             80
        CODE             0016-0FFF            FEA
                         1A46-BD7F           A33A
        COMRAM           0025-007F             5B
        CONFIG           300000-30000D              E
        CONST            0016-0FFF            FEA
                         1A46-BD7F           A33A
        EEDATA           F00000-F003FF            400
        IDLOC            200000-200007              8
        MEDIUMCONST      1A46-BD7F           A33A
        RAM              0080-0EF3            100
                         0F00-0F7F             80
        SFR              0F80-0FD3             54
                         0FD5-0FDA              6
                         0FE0-0FE2              3
                         0FE8-0FEA              3
                         0FF0-0FFC              D
        SMALLCONST       1A46-BD7F            100

                                  Symbol Table

?_ReadADC                            cstackCOMRAM 0010
?_adc                                cstackCOMRAM 0012
?_printf                             cstackCOMRAM 0010
OpenADC@config                       cstackCOMRAM 0014
OpenADC@config2                      cstackCOMRAM 0010
OpenADC@portconfig                   cstackCOMRAM 0011
OpenPWM1@period                      cstackCOMRAM 0010
OpenPWM2@ccp2mx                      cstackCOMRAM 0012
OpenPWM2@period                      cstackCOMRAM 0011
OpenTimer2@config                    cstackCOMRAM 0010
OpenUSART@config                     cstackCOMRAM 0015
OpenUSART@spbrg                      cstackCOMRAM 0010
PORtask@count1                       cstackCOMRAM 0017
PORtask@count2                       cstackCOMRAM 001B
SetChanADC@channel                   cstackCOMRAM 0011
SetDCPWM1@DCycle                     cstackCOMRAM 0014
SetDCPWM1@dutycycle                  cstackCOMRAM 0010
SetDCPWM2@DCycle                     cstackCOMRAM 0014
SetDCPWM2@dutycycle                  cstackCOMRAM 0010
_ADCON0                              (abs)        0FC2
_ADCON0bits                          (abs)        0FC2
_ADCON1                              (abs)        0FC1
_ADCON2                              (abs)        0FC0
_ADRESH                              (abs)        0FC4
_ADRESL                              (abs)        0FC3
_BORtask                             text22       18B8
_BusyADC                             text42       1A02
_CCP1CON                             (abs)        0FBD
_CCP2CON                             (abs)        0FBA
_CCPR1L                              (abs)        0FBE
_CCPR2L                              (abs)        0FBB
_ConvertADC                          text41       1A40
_HLVDCONbits                         (abs)        0FD2
_INTCONbits                          (abs)        0FF2
_IPR2bits                            (abs)        0FA2
_LVtrap                              text43       18D8
_OSCCONbits                          (abs)        0FD3
_OSCTUNEbits                         (abs)        0F9B
_OpenADC                             text36       152E
_OpenPWM1                            text35       19C4
_OpenPWM2                            text34       15CE
_OpenTimer2                          text33       1916
_OpenUSART                           text32       1462
_PIE1bits                            (abs)        0F9D
_PIE2bits                            (abs)        0FA0
_PIR1bits                            (abs)        0F9E
_PIR2bits                            (abs)        0FA1
_PORTCbits                           (abs)        0F82
_PORTD                               (abs)        0F83
_PORTDbits                           (abs)        0F83
_PORTEbits                           (abs)        0F84
_PORtask                             text21       1218
_PR2                                 (abs)        0FCB
_RCONbits                            (abs)        0FD0
_RCSTA                               (abs)        0FAB
_RCSTAbits                           (abs)        0FAB
_RESETtask                           text20       1950
_ReadADC                             text40       1A0E
_SPBRG                               (abs)        0FAF
_SPBRGH                              (abs)        0FB0
_STKFULtask                          text19       18F8
_STKPTRbits                          (abs)        0FFC
_SeeLine                             bssCOMRAM    0023
_SetChanADC                          text39       1984
_SetDCPWM1                           text31       1684
_SetDCPWM2                           text30       164A
_StatusReset                         text23       1A18
_T2CON                               (abs)        0FCA
_T2CONbits                           (abs)        0FCA
_TMR2                                (abs)        0FCC
_TRISA                               (abs)        0F92
_TRISB                               (abs)        0F93
_TRISBbits                           (abs)        0F93
_TRISC                               (abs)        0F94
_TRISCbits                           (abs)        0F94
_TRISD                               (abs)        0F95
_TRISE                               (abs)        0F96
_TXSTA                               (abs)        0FAC
_TXSTAbits                           (abs)        0FAC
_WDTtask                             text18       1934
__CFG_BOREN$ON                       (abs)        0000
__CFG_BORV$0                         (abs)        0000
__CFG_LVP$OFF                        (abs)        0000
__CFG_MCLRE$OFF                      (abs)        0000
__CFG_OSC$INTIO67                    (abs)        0000
__CFG_STVREN$ON                      (abs)        0000
__CFG_WDT$OFF                        (abs)        0000
__CFG_WDTPS$8                        (abs)        0000
__HRAM                               (abs)        0000
__Habs1                              abs1         0000
__Hbank0                             bank0        0000
__Hbank1                             bank1        0000
__Hbank10                            bank10       0000
__Hbank11                            bank11       0000
__Hbank12                            bank12       0000
__Hbank13                            bank13       0000
__Hbank14                            bank14       0000
__Hbank15                            bank15       0000
__Hbank2                             bank2        0000
__Hbank3                             bank3        0000
__Hbank4                             bank4        0000
__Hbank5                             bank5        0000
__Hbank6                             bank6        0000
__Hbank7                             bank7        0000
__Hbank8                             bank8        0000
__Hbank9                             bank9        0000
__Hbigbss                            bigbss       0000
__Hbigdata                           bigdata      0000
__Hbigram                            bigram       0000
__Hbss                               bss          0000
__HbssCOMRAM                         bssCOMRAM    0000
__Hcinit                             cinit        0000
__Hclrtext                           clrtext      0000
__Hcomram                            comram       0000
__Hconfig                            config       0000
__Hconst                             const        0000
__HcstackCOMRAM                      cstackCOMRAM 0000
__Hdata                              data         0000
__Heeprom_data                       eeprom_data  0000
__Hend_init                          end_init     0016
__Hfarbss                            farbss       0000
__Hfardata                           fardata      0000
__Hibigdata                          ibigdata     0000
__Hidata                             idata        0000
__Hidloc                             idloc        0000
__Hifardata                          ifardata     0000
__Hinit                              init         0012
__Hintcode                           intcode      0012
__Hintcode_body                      intcode_body 0000
__Hintcodelo                         intcodelo    0012
__Hintentry                          intentry     0000
__Hintret                            intret       0000
__Hintsave_regs                      intsave_regs 0000
__Hirdata                            irdata       0000
__Hmediumconst                       mediumconst  0000
__HnvFARRAM                          nvFARRAM     0000
__Hnvbit                             nvbit        0000
__Hnvrram                            nvrram       0000
__Hparam                             rparam       0000
__Hpowerup                           powerup      0012
__Hram                               ram          0000
__Hramtop                            ramtop       1000
__Hrbit                              rbit         0000
__Hrbss                              rbss         0000
__Hrdata                             rdata        0000
__Hreset_vec                         reset_vec    0002
__Hrparam                            rparam       0000
__Hsfr                               sfr          0000
__Hsmallconst                        smallconst   1080
__Hstack                             stack        0000
__Hstruct                            struct       0000
__Htemp                              temp         0000
__Htext                              text         0000
__Htext0                             text0        0000
__Htext1                             text1        0000
__Htext10                            text10       0000
__Htext11                            text11       0000
__Htext12                            text12       0000
__Htext13                            text13       0000
__Htext14                            text14       0000
__Htext15                            text15       0000
__Htext16                            text16       0000
__Htext17                            text17       0000
__Htext18                            text18       0000
__Htext19                            text19       0000
__Htext2                             text2        0000
__Htext20                            text20       0000
__Htext21                            text21       0000
__Htext22                            text22       0000
__Htext23                            text23       0000
__Htext24                            text24       0000
__Htext25                            text25       0000
__Htext26                            text26       0000
__Htext27                            text27       0000
__Htext28                            text28       0000
__Htext29                            text29       0000
__Htext3                             text3        0000
__Htext30                            text30       0000
__Htext31                            text31       0000
__Htext32                            text32       0000
__Htext33                            text33       0000
__Htext34                            text34       0000
__Htext35                            text35       0000
__Htext36                            text36       0000
__Htext37                            text37       0000
__Htext38                            text38       0000
__Htext39                            text39       0000
__Htext4                             text4        0000
__Htext40                            text40       0000
__Htext41                            text41       0000
__Htext42                            text42       0000
__Htext43                            text43       0000
__Htext44                            text44       0000
__Htext45                            text45       0000
__Htext46                            text46       0000
__Htext47                            text47       0000
__Htext5                             text5        0000
__Htext6                             text6        0000
__Htext7                             text7        0000
__Htext8                             text8        0000
__Htext9                             text9        0000
__LRAM                               (abs)        0001
__Labs1                              abs1         0000
__Lbank0                             bank0        0000
__Lbank1                             bank1        0000
__Lbank10                            bank10       0000
__Lbank11                            bank11       0000
__Lbank12                            bank12       0000
__Lbank13                            bank13       0000
__Lbank14                            bank14       0000
__Lbank15                            bank15       0000
__Lbank2                             bank2        0000
__Lbank3                             bank3        0000
__Lbank4                             bank4        0000
__Lbank5                             bank5        0000
__Lbank6                             bank6        0000
__Lbank7                             bank7        0000
__Lbank8                             bank8        0000
__Lbank9                             bank9        0000
__Lbigbss                            bigbss       0000
__Lbigdata                           bigdata      0000
__Lbigram                            bigram       0000
__Lbss                               bss          0000
__LbssCOMRAM                         bssCOMRAM    0000
__Lcinit                             cinit        0000
__Lclrtext                           clrtext      0000
__Lcomram                            comram       0000
__Lconfig                            config       0000
__Lconst                             const        0000
__LcstackCOMRAM                      cstackCOMRAM 0000
__Ldata                              data         0000
__Leeprom_data                       eeprom_data  0000
__Lend_init                          end_init     0012
__Lfarbss                            farbss       0000
__Lfardata                           fardata      0000
__Libigdata                          ibigdata     0000
__Lidata                             idata        0000
__Lidloc                             idloc        0000
__Lifardata                          ifardata     0000
__Linit                              init         0012
__Lintcode                           intcode      0002
__Lintcode_body                      intcode_body 0000
__Lintcodelo                         intcodelo    0012
__Lintentry                          intentry     0000
__Lintret                            intret       0000
__Lintsave_regs                      intsave_regs 0000
__Lirdata                            irdata       0000
__Lmediumconst                       mediumconst  0000
__LnvFARRAM                          nvFARRAM     0000
__Lnvbit                             nvbit        0000
__Lnvrram                            nvrram       0000
__Lparam                             rparam       0000
__Lpowerup                           powerup      0012
__Lram                               ram          0000
__Lramtop                            ramtop       1000
__Lrbit                              rbit         0000
__Lrbss                              rbss         0000
__Lrdata                             rdata        0000
__Lreset_vec                         reset_vec    0000
__Lrparam                            rparam       0000
__Lsfr                               sfr          0000
__Lsmallconst                        smallconst   1000
__Lstack                             stack        0000
__Lstruct                            struct       0000
__Ltemp                              temp         0000
__Ltext                              text         0000
__Ltext0                             text0        0000
__Ltext1                             text1        0000
__Ltext10                            text10       0000
__Ltext11                            text11       0000
__Ltext12                            text12       0000
__Ltext13                            text13       0000
__Ltext14                            text14       0000
__Ltext15                            text15       0000
__Ltext16                            text16       0000
__Ltext17                            text17       0000
__Ltext18                            text18       0000
__Ltext19                            text19       0000
__Ltext2                             text2        0000
__Ltext20                            text20       0000
__Ltext21                            text21       0000
__Ltext22                            text22       0000
__Ltext23                            text23       0000
__Ltext24                            text24       0000
__Ltext25                            text25       0000
__Ltext26                            text26       0000
__Ltext27                            text27       0000
__Ltext28                            text28       0000
__Ltext29                            text29       0000
__Ltext3                             text3        0000
__Ltext30                            text30       0000
__Ltext31                            text31       0000
__Ltext32                            text32       0000
__Ltext33                            text33       0000
__Ltext34                            text34       0000
__Ltext35                            text35       0000
__Ltext36                            text36       0000
__Ltext37                            text37       0000
__Ltext38                            text38       0000
__Ltext39                            text39       0000
__Ltext4                             text4        0000
__Ltext40                            text40       0000
__Ltext41                            text41       0000
__Ltext42                            text42       0000
__Ltext43                            text43       0000
__Ltext44                            text44       0000
__Ltext45                            text45       0000
__Ltext46                            text46       0000
__Ltext47                            text47       0000
__Ltext5                             text5        0000
__Ltext6                             text6        0000
__Ltext7                             text7        0000
__Ltext8                             text8        0000
__Ltext9                             text9        0000
__S0                                 (abs)        1A46
__S1                                 (abs)        0025
___inthi_sp                          stack        0000
___intlo_sp                          stack        0000
___sp                                stack        0000
__accesstop                          (abs)        0080
__activetblptr                       (abs)        0003
__end_of_BORtask                     text22       18D8
__end_of_BusyADC                     text42       1A0E
__end_of_ConvertADC                  text41       1A44
__end_of_LVtrap                      text43       18F8
__end_of_OpenADC                     text36       158E
__end_of_OpenPWM1                    text35       19D8
__end_of_OpenPWM2                    text34       160E
__end_of_OpenTimer2                  text33       1934
__end_of_OpenUSART                   text32       14CC
__end_of_PORtask                     text21       12CA
__end_of_RESETtask                   text20       196C
__end_of_ReadADC                     text40       1A18
__end_of_STKFULtask                  text19       1916
__end_of_SetChanADC                  text39       199C
__end_of_SetDCPWM1                   text31       16BE
__end_of_SetDCPWM2                   text30       1684
__end_of_StatusReset                 text23       1A1E
__end_of_WDTtask                     text18       1950
__end_of__initialization             cinit        19E0
__end_of__stringdata                 smallconst   107E
__end_of_adc                         text38       1896
__end_of_check_sensors               text37       1218
__end_of_follow_simple_curves        text4        172E
__end_of_gtrap                       text47       152E
__end_of_high_isr                    intcode_body 13E4
__end_of_initialization              text12       1362
__end_of_isBOR                       text17       19F4
__end_of_isPOR                       text16       19C4
__end_of_isWDTTO                     text15       19B0
__end_of_lvd_flag_set                text11       1A40
__end_of_main                        text0        16F6
__end_of_motor_control               text2        164A
__end_of_motors_brake_all            text3        18B8
__end_of_openLVD                     text29       1984
__end_of_openPORTA                   text28       1A36
__end_of_openPORTB                   text27       1A30
__end_of_openPORTCforPWM             text26       1A02
__end_of_openPORTCforUSART           text25       1A2A
__end_of_openPORTD                   text46       1A3C
__end_of_openPORTE                   text24       1A24
__end_of_printf                      text44       1762
__end_of_putch                       text45       1A46
__end_of_reset_codes                 text14       15CE
__end_of_set_leds                    text1        1462
__end_of_set_motor_speed             text10       1154
__end_of_set_osc_32MHz               text13       1870
__end_of_spin_left                   text9        1848
__end_of_spin_right                  text8        181A
__end_of_straight_fwd                text7        17EC
__end_of_turn_left                   text6        17BE
__end_of_turn_right                  text5        1790
__end_ofset_motor_speed@motor_speeds smallconst   100F
__initialization                     cinit        19D8
__mediumconst                        mediumconst  0000
__pbssCOMRAM                         bssCOMRAM    0021
__pcinit                             cinit        19D8
__pcstackCOMRAM                      cstackCOMRAM 0001
__pintcode                           intcode      0002
__pintcode_body                      intcode_body 1362
__psmallconst                        smallconst   1000
__ptext0                             text0        16BE
__ptext1                             text1        13E4
__ptext10                            text10       1080
__ptext11                            text11       1A3C
__ptext12                            text12       12CA
__ptext13                            text13       1848
__ptext14                            text14       158E
__ptext15                            text15       199C
__ptext16                            text16       19B0
__ptext17                            text17       19E6
__ptext18                            text18       1934
__ptext19                            text19       18F8
__ptext2                             text2        160E
__ptext20                            text20       1950
__ptext21                            text21       1218
__ptext22                            text22       18B8
__ptext23                            text23       1A18
__ptext24                            text24       1A1E
__ptext25                            text25       1A24
__ptext26                            text26       19F4
__ptext27                            text27       1A2A
__ptext28                            text28       1A30
__ptext29                            text29       196C
__ptext3                             text3        1896
__ptext30                            text30       164A
__ptext31                            text31       1684
__ptext32                            text32       1462
__ptext33                            text33       1916
__ptext34                            text34       15CE
__ptext35                            text35       19C4
__ptext36                            text36       152E
__ptext37                            text37       1154
__ptext38                            text38       1870
__ptext39                            text39       1984
__ptext4                             text4        16F6
__ptext40                            text40       1A0E
__ptext41                            text41       1A40
__ptext42                            text42       1A02
__ptext43                            text43       18D8
__ptext44                            text44       172E
__ptext45                            text45       1A44
__ptext46                            text46       1A36
__ptext47                            text47       14CC
__ptext5                             text5        1762
__ptext6                             text6        1790
__ptext7                             text7        17BE
__ptext8                             text8        17EC
__ptext9                             text9        181A
__ramtop                             ramtop       1000
__size_of_BORtask                    (abs)        0000
__size_of_BusyADC                    (abs)        0000
__size_of_ConvertADC                 (abs)        0000
__size_of_LVtrap                     (abs)        0000
__size_of_OpenADC                    (abs)        0000
__size_of_OpenPWM1                   (abs)        0000
__size_of_OpenPWM2                   (abs)        0000
__size_of_OpenTimer2                 (abs)        0000
__size_of_OpenUSART                  (abs)        0000
__size_of_PORtask                    (abs)        0000
__size_of_RESETtask                  (abs)        0000
__size_of_ReadADC                    (abs)        0000
__size_of_STKFULtask                 (abs)        0000
__size_of_SetChanADC                 (abs)        0000
__size_of_SetDCPWM1                  (abs)        0000
__size_of_SetDCPWM2                  (abs)        0000
__size_of_StatusReset                (abs)        0000
__size_of_WDTtask                    (abs)        0000
__size_of_adc                        (abs)        0000
__size_of_check_sensors              (abs)        0000
__size_of_follow_simple_curves       (abs)        0000
__size_of_gtrap                      (abs)        0000
__size_of_high_isr                   (abs)        0000
__size_of_initialization             (abs)        0000
__size_of_isBOR                      (abs)        0000
__size_of_isPOR                      (abs)        0000
__size_of_isWDTTO                    (abs)        0000
__size_of_lvd_flag_set               (abs)        0000
__size_of_main                       (abs)        0000
__size_of_motor_control              (abs)        0000
__size_of_motors_brake_all           (abs)        0000
__size_of_openLVD                    (abs)        0000
__size_of_openPORTA                  (abs)        0000
__size_of_openPORTB                  (abs)        0000
__size_of_openPORTCforPWM            (abs)        0000
__size_of_openPORTCforUSART          (abs)        0000
__size_of_openPORTD                  (abs)        0000
__size_of_openPORTE                  (abs)        0000
__size_of_printf                     (abs)        0000
__size_of_putch                      (abs)        0000
__size_of_reset_codes                (abs)        0000
__size_of_set_leds                   (abs)        0000
__size_of_set_motor_speed            (abs)        0000
__size_of_set_osc_32MHz              (abs)        0000
__size_of_spin_left                  (abs)        0000
__size_of_spin_right                 (abs)        0000
__size_of_straight_fwd               (abs)        0000
__size_of_turn_left                  (abs)        0000
__size_of_turn_right                 (abs)        0000
__smallconst                         smallconst   1000
__stringdata                         smallconst   100F
_adc                                 text38       1870
_check_sensors                       text37       1154
_follow_simple_curves                text4        16F6
_gtrap                               text47       14CC
_high_isr                            intcode      0002
_initialization                      text12       12CA
_isBOR                               text17       19E6
_isPOR                               text16       19B0
_isWDTTO                             text15       199C
_lvd_flag                            bssCOMRAM    0024
_lvd_flag_set                        text11       1A3C
_main                                text0        16BE
_motor_control                       text2        160E
_motors_brake_all                    text3        1896
_no_track                                             
_openLVD                             text29       196C
_openPORTA                           text28       1A30
_openPORTB                           text27       1A2A
_openPORTCforPWM                     text26       19F4
_openPORTCforUSART                   text25       1A24
_openPORTD                           text46       1A36
_openPORTE                           text24       1A1E
_printf                              text44       172E
_putch                               text45       1A44
_reset_codes                         text14       158E
_set_leds                            text1        13E4
_set_motor_speed                     text10       1080
_set_osc_32MHz                       text13       1848
_spin_left                           text9        181A
_spin_right                          text8        17EC
_straight_fwd                        text7        17BE
_threshold                           bssCOMRAM    0021
_turn_left                           text6        1790
_turn_right                          text5        1762
adc@channel                          cstackCOMRAM 0014
end_of_initialization                cinit        19E0
gtrap@count                          cstackCOMRAM 0010
int_func                             intcode_body 1362
intlevel0                            text         0000
intlevel1                            text         0000
intlevel2                            text         0000
intlevel3                            text         0000
printf@ap                            cstackCOMRAM 0014
printf@c                             cstackCOMRAM 0016
printf@f                             cstackCOMRAM 0010
set_motor_speed@dir_modifier         cstackCOMRAM 001C
set_motor_speed@duty_cycle           cstackCOMRAM 001D
set_motor_speed@motor_speed          cstackCOMRAM 0016
set_motor_speed@motor_speeds         smallconst   1001
set_motor_speed@speed_modifier       cstackCOMRAM 0017
set_motor_speed@the_motor            cstackCOMRAM 001B
set_osc_32MHz@i                      cstackCOMRAM 0010
stackhi                              (abs)        0000
stacklo                              (abs)        0000
start                                init         0012
start_initialization                 cinit        19D8
